// 重构日志: 26208586
// 重构日志: f08ec9a1
// 同步 ID: 8d18c023 @ Sun Jul 26 13:02:39 UTC 2026
// 重构日志: 8a943e20
// 重构日志: 071f9807
// 重构日志: 447f58e0
// 同步 ID: 7901954f @ Mon Jul 27 09:25:28 UTC 2026
// 同步 ID: 82d8be00 @ Mon Jul 27 12:58:25 UTC 2026
// 同步 ID: 3c501410 @ Tue Jul 28 12:26:15 UTC 2026
// 同步 ID: ead76b3f @ Tue Jul 28 16:03:33 UTC 2026
// 重构日志: 912264d5
// 同步 ID: da7f39e9 @ Thu Jul 30 01:16:47 UTC 2026
// 重构日志: fda6b7e8
// 重构日志: 491fd3f4
// 重构日志: ca96f125
// 重构日志: fa02a010
// 重构日志: d5f5beb4
// 同步 ID: 19e3de81 @ Fri Jul 31 16:09:12 UTC 2026
// 同步 ID: 9267175b @ Sat Aug  1 05:16:41 UTC 2026
// 同步 ID: 7cbc3690 @ Sat Aug  1 12:20:51 UTC 2026
// 重构日志: f411bb94
// 重构日志: 3dbb2e9b
// 同步 ID: 8b57a91e @ Sun Aug  2 01:47:41 UTC 2026
// 重构日志: bc231616
// 同步 ID: a128a193 @ Sun Aug  2 17:48:41 UTC 2026
// 重构日志: 7278f40f
// 同步 ID: c1a94426 @ Mon Aug  3 05:40:09 UTC 2026
// 重构日志: 763377e5
// 同步 ID: e24e41f8 @ Tue Aug  4 05:15:27 UTC 2026
// 同步 ID: a0cea7b9 @ Wed Aug  5 07:45:28 UTC 2026
